Saving all output to "!!{outputDirectory}!!/create_like.q.raw". Enter "record" with no arguments to stop it.
>>>  !run !!{qFileDirectory}!!/create_like.q
>>>  
>>>  
>>>  
>>>  
>>>  CREATE TABLE table1 (a STRING, b STRING) STORED AS TEXTFILE;
No rows affected 
>>>  DESCRIBE FORMATTED table1;
'col_name','data_type','comment'
'# col_name            ','data_type           ','comment             '
'','NULL','NULL'
'a                   ','string              ','None                '
'b                   ','string              ','None                '
'','NULL','NULL'
'# Detailed Table Information','NULL','NULL'
'Database:           ','create_like         ','NULL'
'Owner:              ','!!{user.name}!!','NULL'
'CreateTime:         ','!!TIMESTAMP!!','NULL'
'LastAccessTime:     ','UNKNOWN             ','NULL'
'Protect Mode:       ','None                ','NULL'
'Retention:          ','0                   ','NULL'
'Location:           ','!!{hive.metastore.warehouse.dir}!!/create_like.db/table1','NULL'
'Table Type:         ','MANAGED_TABLE       ','NULL'
'Table Parameters:','NULL','NULL'
'','transient_lastDdlTime','!!UNIXTIME!!          '
'','NULL','NULL'
'# Storage Information','NULL','NULL'
'SerDe Library:      ','org.apache.hadoop.hive.serde2.lazy.LazySimpleSerDe','NULL'
'InputFormat:        ','org.apache.hadoop.mapred.TextInputFormat','NULL'
'OutputFormat:       ','org.apache.hadoop.hive.ql.io.HiveIgnoreKeyTextOutputFormat','NULL'
'Compressed:         ','No                  ','NULL'
'Num Buckets:        ','-1                  ','NULL'
'Bucket Columns:     ','[]                  ','NULL'
'Sort Columns:       ','[]                  ','NULL'
'Storage Desc Params:','NULL','NULL'
'','serialization.format','1                   '
27 rows selected 
>>>  
>>>  CREATE TABLE table2 LIKE table1;
No rows affected 
>>>  DESCRIBE FORMATTED table2;
'col_name','data_type','comment'
'# col_name            ','data_type           ','comment             '
'','NULL','NULL'
'a                   ','string              ','None                '
'b                   ','string              ','None                '
'','NULL','NULL'
'# Detailed Table Information','NULL','NULL'
'Database:           ','create_like         ','NULL'
'Owner:              ','!!{user.name}!!','NULL'
'CreateTime:         ','!!TIMESTAMP!!','NULL'
'LastAccessTime:     ','UNKNOWN             ','NULL'
'Protect Mode:       ','None                ','NULL'
'Retention:          ','0                   ','NULL'
'Location:           ','!!{hive.metastore.warehouse.dir}!!/create_like.db/table2','NULL'
'Table Type:         ','MANAGED_TABLE       ','NULL'
'Table Parameters:','NULL','NULL'
'','transient_lastDdlTime','!!UNIXTIME!!          '
'','NULL','NULL'
'# Storage Information','NULL','NULL'
'SerDe Library:      ','org.apache.hadoop.hive.serde2.lazy.LazySimpleSerDe','NULL'
'InputFormat:        ','org.apache.hadoop.mapred.TextInputFormat','NULL'
'OutputFormat:       ','org.apache.hadoop.hive.ql.io.HiveIgnoreKeyTextOutputFormat','NULL'
'Compressed:         ','No                  ','NULL'
'Num Buckets:        ','-1                  ','NULL'
'Bucket Columns:     ','[]                  ','NULL'
'Sort Columns:       ','[]                  ','NULL'
'Storage Desc Params:','NULL','NULL'
'','serialization.format','1                   '
27 rows selected 
>>>  
>>>  CREATE TABLE IF NOT EXISTS table2 LIKE table1;
No rows affected 
>>>  
>>>  CREATE EXTERNAL TABLE IF NOT EXISTS table2 LIKE table1;
No rows affected 
>>>  
>>>  CREATE EXTERNAL TABLE IF NOT EXISTS table3 LIKE table1;
No rows affected 
>>>  DESCRIBE FORMATTED table3;
'col_name','data_type','comment'
'# col_name            ','data_type           ','comment             '
'','NULL','NULL'
'a                   ','string              ','None                '
'b                   ','string              ','None                '
'','NULL','NULL'
'# Detailed Table Information','NULL','NULL'
'Database:           ','create_like         ','NULL'
'Owner:              ','!!{user.name}!!','NULL'
'CreateTime:         ','!!TIMESTAMP!!','NULL'
'LastAccessTime:     ','UNKNOWN             ','NULL'
'Protect Mode:       ','None                ','NULL'
'Retention:          ','0                   ','NULL'
'Location:           ','!!{hive.metastore.warehouse.dir}!!/create_like.db/table3','NULL'
'Table Type:         ','EXTERNAL_TABLE      ','NULL'
'Table Parameters:','NULL','NULL'
'','EXTERNAL            ','TRUE                '
'','transient_lastDdlTime','!!UNIXTIME!!          '
'','NULL','NULL'
'# Storage Information','NULL','NULL'
'SerDe Library:      ','org.apache.hadoop.hive.serde2.lazy.LazySimpleSerDe','NULL'
'InputFormat:        ','org.apache.hadoop.mapred.TextInputFormat','NULL'
'OutputFormat:       ','org.apache.hadoop.hive.ql.io.HiveIgnoreKeyTextOutputFormat','NULL'
'Compressed:         ','No                  ','NULL'
'Num Buckets:        ','-1                  ','NULL'
'Bucket Columns:     ','[]                  ','NULL'
'Sort Columns:       ','[]                  ','NULL'
'Storage Desc Params:','NULL','NULL'
'','serialization.format','1                   '
28 rows selected 
>>>  
>>>  INSERT OVERWRITE TABLE table1 SELECT key, value FROM src WHERE key = 86;
'key','value'
No rows selected 
>>>  INSERT OVERWRITE TABLE table2 SELECT key, value FROM src WHERE key = 100;
'key','value'
No rows selected 
>>>  
>>>  SELECT * FROM table1;
'a','b'
'86','val_86'
1 row selected 
>>>  SELECT * FROM table2;
'a','b'
'100','val_100'
'100','val_100'
2 rows selected 
>>>  
>>>  CREATE EXTERNAL TABLE table4 (a INT) LOCATION '${system:test.src.data.dir}/files/ext_test';
No rows affected 
>>>  CREATE EXTERNAL TABLE table5 LIKE table4 LOCATION '${system:test.src.data.dir}/files/ext_test';
No rows affected 
>>>  
>>>  SELECT * FROM table4;
'a'
'1'
'2'
'3'
'4'
'5'
'6'
6 rows selected 
>>>  SELECT * FROM table5;
'a'
'1'
'2'
'3'
'4'
'5'
'6'
6 rows selected 
>>>  
>>>  DROP TABLE table5;
No rows affected 
>>>  SELECT * FROM table4;
'a'
'1'
'2'
'3'
'4'
'5'
'6'
6 rows selected 
>>>  DROP TABLE table4;
No rows affected 
>>>  
>>>  CREATE EXTERNAL TABLE table4 (a INT) LOCATION '${system:test.src.data.dir}/files/ext_test';
No rows affected 
>>>  SELECT * FROM table4;
'a'
'1'
'2'
'3'
'4'
'5'
'6'
6 rows selected 
>>>  !record
