Saving all output to "!!{outputDirectory}!!/create_skewed_table1.q.raw". Enter "record" with no arguments to stop it.
>>>  !run !!{qFileDirectory}!!/create_skewed_table1.q
>>>  set hive.mapred.supports.subdirectories=true;
No rows affected 
>>>  set hive.internal.ddl.list.bucketing.enable=true;
No rows affected 
>>>  CREATE TABLE list_bucket_single (key STRING, value STRING) SKEWED BY (key) ON ('1','5','6');
No rows affected 
>>>  CREATE TABLE list_bucket_single_2 (key STRING, value STRING) SKEWED BY (key) ON ((1),(5),(6));
No rows affected 
>>>  CREATE TABLE list_bucket_multiple (col1 STRING, col2 int, col3 STRING) SKEWED BY (col1, col2) ON (('s1',1), ('s3',3), ('s13',13), ('s78',78));
No rows affected 
>>>  describe formatted list_bucket_single_2;
'col_name','data_type','comment'
'# col_name            ','data_type           ','comment             '
'','NULL','NULL'
'key                 ','string              ','None                '
'value               ','string              ','None                '
'','NULL','NULL'
'# Detailed Table Information','NULL','NULL'
'Database:           ','create_skewed_table1','NULL'
'Owner:              ','!!{user.name}!!','NULL'
'CreateTime:         ','!!TIMESTAMP!!','NULL'
'LastAccessTime:     ','UNKNOWN             ','NULL'
'Protect Mode:       ','None                ','NULL'
'Retention:          ','0                   ','NULL'
'Location:           ','!!{hive.metastore.warehouse.dir}!!/create_skewed_table1.db/list_bucket_single_2','NULL'
'Table Type:         ','MANAGED_TABLE       ','NULL'
'Table Parameters:','NULL','NULL'
'','transient_lastDdlTime','!!UNIXTIME!!          '
'','NULL','NULL'
'# Storage Information','NULL','NULL'
'SerDe Library:      ','org.apache.hadoop.hive.serde2.lazy.LazySimpleSerDe','NULL'
'InputFormat:        ','org.apache.hadoop.mapred.TextInputFormat','NULL'
'OutputFormat:       ','org.apache.hadoop.hive.ql.io.HiveIgnoreKeyTextOutputFormat','NULL'
'Compressed:         ','No                  ','NULL'
'Num Buckets:        ','-1                  ','NULL'
'Bucket Columns:     ','[]                  ','NULL'
'Sort Columns:       ','[]                  ','NULL'
'Skewed Columns:     ','[key]               ','NULL'
'Skewed Values:      ','[[1], [5], [6]]     ','NULL'
'Storage Desc Params:','NULL','NULL'
'','serialization.format','1                   '
29 rows selected 
>>>  describe formatted list_bucket_single;
'col_name','data_type','comment'
'# col_name            ','data_type           ','comment             '
'','NULL','NULL'
'key                 ','string              ','None                '
'value               ','string              ','None                '
'','NULL','NULL'
'# Detailed Table Information','NULL','NULL'
'Database:           ','create_skewed_table1','NULL'
'Owner:              ','!!{user.name}!!','NULL'
'CreateTime:         ','!!TIMESTAMP!!','NULL'
'LastAccessTime:     ','UNKNOWN             ','NULL'
'Protect Mode:       ','None                ','NULL'
'Retention:          ','0                   ','NULL'
'Location:           ','!!{hive.metastore.warehouse.dir}!!/create_skewed_table1.db/list_bucket_single','NULL'
'Table Type:         ','MANAGED_TABLE       ','NULL'
'Table Parameters:','NULL','NULL'
'','transient_lastDdlTime','!!UNIXTIME!!          '
'','NULL','NULL'
'# Storage Information','NULL','NULL'
'SerDe Library:      ','org.apache.hadoop.hive.serde2.lazy.LazySimpleSerDe','NULL'
'InputFormat:        ','org.apache.hadoop.mapred.TextInputFormat','NULL'
'OutputFormat:       ','org.apache.hadoop.hive.ql.io.HiveIgnoreKeyTextOutputFormat','NULL'
'Compressed:         ','No                  ','NULL'
'Num Buckets:        ','-1                  ','NULL'
'Bucket Columns:     ','[]                  ','NULL'
'Sort Columns:       ','[]                  ','NULL'
'Skewed Columns:     ','[key]               ','NULL'
'Skewed Values:      ','[[1], [5], [6]]     ','NULL'
'Storage Desc Params:','NULL','NULL'
'','serialization.format','1                   '
29 rows selected 
>>>  describe formatted list_bucket_multiple;
'col_name','data_type','comment'
'# col_name            ','data_type           ','comment             '
'','NULL','NULL'
'col1                ','string              ','None                '
'col2                ','int                 ','None                '
'col3                ','string              ','None                '
'','NULL','NULL'
'# Detailed Table Information','NULL','NULL'
'Database:           ','create_skewed_table1','NULL'
'Owner:              ','!!{user.name}!!','NULL'
'CreateTime:         ','!!TIMESTAMP!!','NULL'
'LastAccessTime:     ','UNKNOWN             ','NULL'
'Protect Mode:       ','None                ','NULL'
'Retention:          ','0                   ','NULL'
'Location:           ','!!{hive.metastore.warehouse.dir}!!/create_skewed_table1.db/list_bucket_multiple','NULL'
'Table Type:         ','MANAGED_TABLE       ','NULL'
'Table Parameters:','NULL','NULL'
'','transient_lastDdlTime','!!UNIXTIME!!          '
'','NULL','NULL'
'# Storage Information','NULL','NULL'
'SerDe Library:      ','org.apache.hadoop.hive.serde2.lazy.LazySimpleSerDe','NULL'
'InputFormat:        ','org.apache.hadoop.mapred.TextInputFormat','NULL'
'OutputFormat:       ','org.apache.hadoop.hive.ql.io.HiveIgnoreKeyTextOutputFormat','NULL'
'Compressed:         ','No                  ','NULL'
'Num Buckets:        ','-1                  ','NULL'
'Bucket Columns:     ','[]                  ','NULL'
'Sort Columns:       ','[]                  ','NULL'
'Skewed Columns:     ','[col1, col2]        ','NULL'
'Skewed Values:      ','[[s1, 1], [s3, 3], [s13, 13], [s78, 78]]','NULL'
'Storage Desc Params:','NULL','NULL'
'','serialization.format','1                   '
30 rows selected 
>>>  drop table list_bucket_single;
No rows affected 
>>>  drop table list_bucket_multiple;
No rows affected 
>>>  drop table list_bucket_single_2;
No rows affected 
>>>  !record
