Saving all output to "!!{outputDirectory}!!/describe_formatted_view_partitioned.q.raw". Enter "record" with no arguments to stop it.
>>>  !run !!{qFileDirectory}!!/describe_formatted_view_partitioned.q
>>>  DROP VIEW view_partitioned;
No rows affected 
>>>  
>>>  CREATE VIEW view_partitioned 
PARTITIONED ON (value) 
AS 
SELECT key, value 
FROM src 
WHERE key=86;
'key','value'
No rows selected 
>>>  
>>>  ALTER VIEW view_partitioned 
ADD PARTITION (value='val_86');
No rows affected 
>>>  
>>>  DESCRIBE FORMATTED view_partitioned PARTITION (value='val_86');
'col_name','data_type','comment'
'# col_name            ','data_type           ','comment             '
'','NULL','NULL'
'key                 ','string              ','None                '
'','NULL','NULL'
'# Partition Information','NULL','NULL'
'# col_name            ','data_type           ','comment             '
'','NULL','NULL'
'value               ','string              ','None                '
'','NULL','NULL'
'# Detailed Partition Information','NULL','NULL'
'Partition Value:    ','[val_86]            ','NULL'
'Database:           ','describe_formatted_view_partitioned','NULL'
'Table:              ','view_partitioned    ','NULL'
'CreateTime:         ','!!TIMESTAMP!!','NULL'
'LastAccessTime:     ','UNKNOWN             ','NULL'
'Protect Mode:       ','None                ','NULL'
'Location:           ','null                ','NULL'
'Partition Parameters:','NULL','NULL'
'','transient_lastDdlTime','!!UNIXTIME!!          '
19 rows selected 
>>>  
>>>  DROP VIEW view_partitioned;
No rows affected 
>>>  !record
