Saving all output to "!!{outputDirectory}!!/union_null.q.raw". Enter "record" with no arguments to stop it.
>>>  !run !!{qFileDirectory}!!/union_null.q
>>>  -- HIVE-2901
>>>  select x from (select value as x from src union all select NULL as x from src)a limit 10;
'x'
'val_238'
'NULL'
'val_86'
'NULL'
'val_311'
'NULL'
'val_27'
'NULL'
'val_165'
'NULL'
10 rows selected 
>>>  !record
